Testing Presupuestos Controller...

1. Creating Presupuesto...
--- Request: POST /presupuestos ---
Status: 500
Body: {"success":false,"message":"Error al crear presupuesto","error":"NOT NULL constraint failed: Presupuesto.idTipoTransaccion"}
----------------------------------------
Failed to create presupuesto. Aborting.
